
> myporto@0.1.0 build
> next build

Γû▓ Next.js 16.1.6 (Turbopack)

  Creating an optimized production build ...
node.exe : Error: 
Can't resolve 
'tailwindcss' in 'C
:\Users\tuwid\OneDr
ive\Dokumen\myporto
\src\app'
At line:1 char:1
+ & "C:\Program Fil
es\nodejs/node.exe"
 "C:\Program Files\
nodejs/node_mo ...
+ ~~~~~~~~~~~~~~~~~
~~~~~~~~~~~~~~~~~~~
~~~~~~~~~~~~~~~~~~~
~~~~~~~~~~~~~~
    + CategoryInfo 
             : No  
  tSpecified: (E   
 rror: Can't re    
...yporto\src\    
app':String) [    
], RemoteExcep    
tion
    + FullyQualifi 
   edErrorId : Na  
  tiveCommandErr   
 or
 
    [2m[at finishW
ithoutResolve (C:\U
sers\tuwid\OneDrive
\Dokumen\myporto\no
de_modules\enhanced
-resolve\lib\Resolv
er.js:586:18)][0m
    [2m[at C:\User
s\tuwid\OneDrive\Do
kumen\myporto\node_
modules\enhanced-re
solve\lib\Resolver.
js:678:14][0m
    [2m[at C:\User
s\tuwid\OneDrive\Do
kumen\myporto\node_
modules\enhanced-re
solve\lib\Resolver.
js:739:5][0m
    [2m[at eval 
(eval at create (C:
\Users\tuwid\OneDri
ve\Dokumen\myporto\
node_modules\tapabl
e\lib\HookCodeFacto
ry.js:31:10), <anon
ymous>:15:1)][0m
    [2m[at C:\User
s\tuwid\OneDrive\Do
kumen\myporto\node_
modules\enhanced-re
solve\lib\Resolver.
js:739:5][0m
    [2m[at eval 
(eval at create (C:
\Users\tuwid\OneDri
ve\Dokumen\myporto\
node_modules\tapabl
e\lib\HookCodeFacto
ry.js:31:10), <anon
ymous>:27:1)][0m
    [2m[at C:\User
s\tuwid\OneDrive\Do
kumen\myporto\node_
modules\enhanced-re
solve\lib\Descripti
onFilePlugin.js:89:
43][0m
    [2m[at C:\User
s\tuwid\OneDrive\Do
kumen\myporto\node_
modules\enhanced-re
solve\lib\Resolver.
js:739:5][0m
    [2m[at eval 
(eval at create (C:
\Users\tuwid\OneDri
ve\Dokumen\myporto\
node_modules\tapabl
e\lib\HookCodeFacto
ry.js:31:10), <anon
ymous>:15:1)][0m
    [2m[at C:\User
s\tuwid\OneDrive\Do
kumen\myporto\node_
modules\enhanced-re
solve\lib\Resolver.
js:739:5][0m {
  details: 
"resolve 
'tailwindcss' in 'C
:\\Users\\tuwid\\On
eDrive\\Dokumen\\my
porto\\src\\app'\n"
 +
    '  Parsed 
request is a 
module\n' +
    '  using 
description file: C
:\\Users\\tuwid\\On
eDrive\\Dokumen\\my
porto\\package.json
 (relative path: 
./src/app)\n' +
    '    resolve 
as module\n' +
    "      C:\\User
s\\tuwid\\OneDrive\
\Dokumen\\myporto\\
src\\app\\node_modu
les doesn't exist 
or is not a 
directory\n" +
    "      C:\\User
s\\tuwid\\OneDrive\
\Dokumen\\myporto\\
src\\node_modules 
doesn't exist or 
is not a 
directory\n" +
    '      looking 
for modules in C:\\
Users\\tuwid\\OneDr
ive\\Dokumen\\mypor
to\\node_modules\n'
 +
    '        
single file 
module\n' +
    '          
using description 
file: C:\\Users\\tu
wid\\OneDrive\\Doku
men\\myporto\\packa
ge.json (relative 
path: ./node_module
s/tailwindcss)\n' +
    '            
no extension\n' +
    '              
C:\\Users\\tuwid\\O
neDrive\\Dokumen\\m
yporto\\node_module
s\\tailwindcss is 
not a file\n' +
    '            
.css\n' +
    "              
C:\\Users\\tuwid\\O
neDrive\\Dokumen\\m
yporto\\node_module
s\\tailwindcss.css 
doesn't exist\n" +
    '        
existing directory 
C:\\Users\\tuwid\\O
neDrive\\Dokumen\\m
yporto\\node_module
s\\tailwindcss\n' +
    '          
using description 
file: C:\\Users\\tu
wid\\OneDrive\\Doku
men\\myporto\\node_
modules\\tailwindcs
s\\package.json 
(relative path: 
.)\n' +
    '            
using exports 
field: 
./index.css\n' +
    '              
using description 
file: C:\\Users\\tu
wid\\OneDrive\\Doku
men\\myporto\\node_
modules\\tailwindcs
s\\package.json 
(relative path: 
./index.css)\n' +
    '              
  no extension\n' +
    "              
    C:\\Users\\tuwi
d\\OneDrive\\Dokume
n\\myporto\\node_mo
dules\\tailwindcss\
\index.css doesn't 
exist\n" +
    '              
  .css\n' +
    "              
    C:\\Users\\tuwi
d\\OneDrive\\Dokume
n\\myporto\\node_mo
dules\\tailwindcss\
\index.css.css 
doesn't exist\n" +
    '              
  as directory\n' +
    "              
    C:\\Users\\tuwi
d\\OneDrive\\Dokume
n\\myporto\\node_mo
dules\\tailwindcss\
\index.css doesn't 
exist\n" +
    "      C:\\User
s\\tuwid\\OneDrive\
\Dokumen\\node_modu
les doesn't exist 
or is not a 
directory\n" +
    "      C:\\User
s\\tuwid\\OneDrive\
\node_modules 
doesn't exist or 
is not a 
directory\n" +
    "      C:\\User
s\\tuwid\\node_modu
les doesn't exist 
or is not a 
directory\n" +
    "      C:\\User
s\\node_modules 
doesn't exist or 
is not a 
directory\n" +
    "      
C:\\node_modules 
doesn't exist or 
is not a directory"
}

> Build error 
occurred
Error: Turbopack 
build failed with 
15 errors:
./src/app/globals.c
ss
Error evaluating 
Node.js code
CssSyntaxError: 
tailwindcss: C:\Use
rs\tuwid\OneDrive\D
okumen\myporto\src\
app\globals.css:1:1
: Can't resolve 
'tailwindcss' in 'C
:\Users\tuwid\OneDr
ive\Dokumen\myporto
\src\app'
    at Input.error 
(node_modules/postc
ss/lib/input.js:135
:16) [C:\Users\tuwi
d\OneDrive\Dokumen\
myporto\.next\build
\chunks\node_module
s_fe693df6._.js:465
1:22]
    at Root.error (
node_modules/postcs
s/lib/node.js:146:3
2) [C:\Users\tuwid\
OneDrive\Dokumen\my
porto\.next\build\c
hunks\node_modules_
fe693df6._.js:928:3
8]
    [at 
Object.Once (C:\Use
rs\tuwid\OneDrive\D
okumen\myporto\node
_modules\@tailwindc
ss\postcss\dist\ind
ex.js:10:6913)]
    [at process.pro
cessTicksAndRejecti
ons (node:internal/
process/task_queues
:103:5)]
    at async LazyRe
sult.runAsync (node
_modules/postcss/li
b/lazy-result.js:29
3:11) [C:\Users\tuw
id\OneDrive\Dokumen
\myporto\.next\buil
d\chunks\node_modul
es_fe693df6._.js:62
06:21]
    at async 
transform (turbopac
k:///[turbopack-nod
e]/transforms/postc
ss.ts:70:34) [C:\Us
ers\tuwid\OneDrive\
Dokumen\myporto\.ne
xt\build\chunks\[ro
ot-of-the-server]__
51225daf._.js:146:3
6]
    at async run (t
urbopack:///[turbop
ack-node]/ipc/evalu
ate.ts:92:23) [C:\U
sers\tuwid\OneDrive
\Dokumen\myporto\.n
ext\build\chunks\[r
oot-of-the-server]_
_974941ed._.js:443:
31]

Import trace:
  Client Component 
Browser:
    ./src/app/globa
ls.css [Client 
Component Browser]
    ./src/app/layou
t.tsx [Server 
Component]


./src/components/se
ctions/AIConnection
.tsx:3:1
Module not found: 
Can't resolve 
'framer-motion'
[0m [90m 1 
|[39m [32m"use cl
ient"[39m[33m;[3
9m
 [90m 2 |[39m
[31m[1m>[22m[39
m[90m 3 |[39m 
[36mimport[39m { 
motion } 
[36mfrom[39m [32
m"framer-motion"[3
9m[33m;[39m
 [90m   |[39m [3
1m[1m^[22m[39m[
31m[1m^[22m[39m
[31m[1m^[22m[39m
[31m[1m^[22m[39
m[31m[1m^[22m[3
9m[31m[1m^[22m[
39m[31m[1m^[22m
[39m[31m[1m^[22m
[39m[31m[1m^[22
m[39m[31m[1m^[2
2m[39m[31m[1m^[
22m[39m[31m[1m^
[22m[39m[31m[1m^
[22m[39m[31m[1m
^[22m[39m[31m[1
m^[22m[39m[31m[
1m^[22m[39m[31m
[1m^[22m[39m[31m
[1m^[22m[39m[31
m[1m^[22m[39m[3
1m[1m^[22m[39m[
31m[1m^[22m[39m
[31m[1m^[22m[39m
[31m[1m^[22m[39
m[31m[1m^[22m[3
9m[31m[1m^[22m[
39m[31m[1m^[22m
[39m[31m[1m^[22m
[39m[31m[1m^[22
m[39m[31m[1m^[2
2m[39m[31m[1m^[
22m[39m[31m[1m^
[22m[39m[31m[1m^
[22m[39m[31m[1m
^[22m[39m[31m[1
m^[22m[39m[31m[
1m^[22m[39m[31m
[1m^[22m[39m[31m
[1m^[22m[39m[31
m[1m^[22m[39m[3
1m[1m^[22m[39m
 [90m 4 |[39m 
[36mimport[39m { 
[33mBrain[39m[33
m,[39m [33mShield
Alert[39m } 
[36mfrom[39m [32
m"lucide-react"[39
m[33m;[39m
 [90m 5 |[39m
 [90m 6 |[39m 
[36mconst[39m [3
3mAIConnection[39m
 [33m=[39m () 
[33m=>[39m {[0m



Import trace:
  Server Component:
    ./src/component
s/sections/AIConnec
tion.tsx
    
./src/app/page.tsx

https://nextjs.org/
docs/messages/modul
e-not-found


./src/components/se
ctions/About.tsx:3:
1
Module not found: 
Can't resolve 
'framer-motion'
[0m [90m 1 
|[39m [32m"use cl
ient"[39m[33m;[3
9m
 [90m 2 |[39m
[31m[1m>[22m[39
m[90m 3 |[39m 
[36mimport[39m { 
motion } 
[36mfrom[39m [32
m"framer-motion"[3
9m[33m;[39m
 [90m   |[39m [3
1m[1m^[22m[39m[
31m[1m^[22m[39m
[31m[1m^[22m[39m
[31m[1m^[22m[39
m[31m[1m^[22m[3
9m[31m[1m^[22m[
39m[31m[1m^[22m
[39m[31m[1m^[22m
[39m[31m[1m^[22
m[39m[31m[1m^[2
2m[39m[31m[1m^[
22m[39m[31m[1m^
[22m[39m[31m[1m^
[22m[39m[31m[1m
^[22m[39m[31m[1
m^[22m[39m[31m[
1m^[22m[39m[31m
[1m^[22m[39m[31m
[1m^[22m[39m[31
m[1m^[22m[39m[3
1m[1m^[22m[39m[
31m[1m^[22m[39m
[31m[1m^[22m[39m
[31m[1m^[22m[39
m[31m[1m^[22m[3
9m[31m[1m^[22m[
39m[31m[1m^[22m
[39m[31m[1m^[22m
[39m[31m[1m^[22
m[39m[31m[1m^[2
2m[39m[31m[1m^[
22m[39m[31m[1m^
[22m[39m[31m[1m^
[22m[39m[31m[1m
^[22m[39m[31m[1
m^[22m[39m[31m[
1m^[22m[39m[31m
[1m^[22m[39m[31m
[1m^[22m[39m[31
m[1m^[22m[39m[3
1m[1m^[22m[39m
 [90m 4 |[39m 
[36mimport[39m { 
[33mShield[39m[3
3m,[39m [33mLock
[39m[33m,[39m [3
3mTerminal[39m[33
m,[39m 
[33mCpu[39m } 
[36mfrom[39m [32
m"lucide-react"[39
m[33m;[39m
 [90m 5 |[39m
 [90m 6 |[39m 
[36mconst[39m 
[33mAbout[39m 
[33m=[39m () 
[33m=>[39m {[0m



Import trace:
  Server Component:
    ./src/component
s/sections/About.ts
x
    
./src/app/page.tsx

https://nextjs.org/
docs/messages/modul
e-not-found


./src/components/se
ctions/Expertise.ts
x:3:1
Module not found: 
Can't resolve 
'framer-motion'
[0m [90m 1 
|[39m [32m"use cl
ient"[39m[33m;[3
9m
 [90m 2 |[39m
[31m[1m>[22m[39
m[90m 3 |[39m 
[36mimport[39m { 
motion } 
[36mfrom[39m [32
m"framer-motion"[3
9m[33m;[39m
 [90m   |[39m [3
1m[1m^[22m[39m[
31m[1m^[22m[39m
[31m[1m^[22m[39m
[31m[1m^[22m[39
m[31m[1m^[22m[3
9m[31m[1m^[22m[
39m[31m[1m^[22m
[39m[31m[1m^[22m
[39m[31m[1m^[22
m[39m[31m[1m^[2
2m[39m[31m[1m^[
22m[39m[31m[1m^
[22m[39m[31m[1m^
[22m[39m[31m[1m
^[22m[39m[31m[1
m^[22m[39m[31m[
1m^[22m[39m[31m
[1m^[22m[39m[31m
[1m^[22m[39m[31
m[1m^[22m[39m[3
1m[1m^[22m[39m[
31m[1m^[22m[39m
[31m[1m^[22m[39m
[31m[1m^[22m[39
m[31m[1m^[22m[3
9m[31m[1m^[22m[
39m[31m[1m^[22m
[39m[31m[1m^[22m
[39m[31m[1m^[22
m[39m[31m[1m^[2
2m[39m[31m[1m^[
22m[39m[31m[1m^
[22m[39m[31m[1m^
[22m[39m[31m[1m
^[22m[39m[31m[1
m^[22m[39m[31m[
1m^[22m[39m[31m
[1m^[22m[39m[31m
[1m^[22m[39m[31
m[1m^[22m[39m[3
1m[1m^[22m[39m
 [90m 4 |[39m 
[36mimport[39m { 
[33mNetwork[39m[
33m,[39m [33mData
base[39m[33m,[39
m [33mLayers[39m
[33m,[39m [33mBra
in[39m[33m,[39m 
[33mLock[39m[33m
,[39m [33mCloud[
39m[33m,[39m [33
mGlobe[39m[33m,[
39m [33mServer[39
m[33m,[39m 
[33mTerminal[39m 
} [36mfrom[39m [
32m"lucide-react"[
39m[33m;[39m
 [90m 5 |[39m
 [90m 6 |[39m [3
6minterface[39m [
33mSkillCardProps[
39m {[0m



Import trace:
  Server Component:
    ./src/component
s/sections/Expertis
e.tsx
    
./src/app/page.tsx

https://nextjs.org/
docs/messages/modul
e-not-found


./src/components/se
ctions/Hero.tsx:3:1
Module not found: 
Can't resolve 
'framer-motion'
[0m [90m 1 
|[39m [32m"use cl
ient"[39m[33m;[3
9m
 [90m 2 |[39m
[31m[1m>[22m[39
m[90m 3 |[39m 
[36mimport[39m { 
motion } 
[36mfrom[39m [32
m"framer-motion"[3
9m[33m;[39m
 [90m   |[39m [3
1m[1m^[22m[39m[
31m[1m^[22m[39m
[31m[1m^[22m[39m
[31m[1m^[22m[39
m[31m[1m^[22m[3
9m[31m[1m^[22m[
39m[31m[1m^[22m
[39m[31m[1m^[22m
[39m[31m[1m^[22
m[39m[31m[1m^[2
2m[39m[31m[1m^[
22m[39m[31m[1m^
[22m[39m[31m[1m^
[22m[39m[31m[1m
^[22m[39m[31m[1
m^[22m[39m[31m[
1m^[22m[39m[31m
[1m^[22m[39m[31m
[1m^[22m[39m[31
m[1m^[22m[39m[3
1m[1m^[22m[39m[
31m[1m^[22m[39m
[31m[1m^[22m[39m
[31m[1m^[22m[39
m[31m[1m^[22m[3
9m[31m[1m^[22m[
39m[31m[1m^[22m
[39m[31m[1m^[22m
[39m[31m[1m^[22
m[39m[31m[1m^[2
2m[39m[31m[1m^[
22m[39m[31m[1m^
[22m[39m[31m[1m^
[22m[39m[31m[1m
^[22m[39m[31m[1
m^[22m[39m[31m[
1m^[22m[39m[31m
[1m^[22m[39m[31m
[1m^[22m[39m[31
m[1m^[22m[39m[3
1m[1m^[22m[39m
 [90m 4 |[39m 
[36mimport[39m { 
[33mArrowRight[39
m[33m,[39m [33mS
hieldCheck[39m[33
m,[39m 
[33mTerminal[39m 
} [36mfrom[39m [
32m"lucide-react"[
39m[33m;[39m
 [90m 5 |[39m
 [90m 6 |[39m 
[36mconst[39m 
[33mHero[39m 
[33m=[39m () 
[33m=>[39m {[0m



Import trace:
  Server Component:
    ./src/component
s/sections/Hero.tsx
    
./src/app/page.tsx

https://nextjs.org/
docs/messages/modul
e-not-found


./src/components/se
ctions/MarketAwaren
ess.tsx:3:1
Module not found: 
Can't resolve 
'framer-motion'
[0m [90m 1 
|[39m [32m"use cl
ient"[39m[33m;[3
9m
 [90m 2 |[39m
[31m[1m>[22m[39
m[90m 3 |[39m 
[36mimport[39m { 
motion } 
[36mfrom[39m [32
m"framer-motion"[3
9m[33m;[39m
 [90m   |[39m [3
1m[1m^[22m[39m[
31m[1m^[22m[39m
[31m[1m^[22m[39m
[31m[1m^[22m[39
m[31m[1m^[22m[3
9m[31m[1m^[22m[
39m[31m[1m^[22m
[39m[31m[1m^[22m
[39m[31m[1m^[22
m[39m[31m[1m^[2
2m[39m[31m[1m^[
22m[39m[31m[1m^
[22m[39m[31m[1m^
[22m[39m[31m[1m
^[22m[39m[31m[1
m^[22m[39m[31m[
1m^[22m[39m[31m
[1m^[22m[39m[31m
[1m^[22m[39m[31
m[1m^[22m[39m[3
1m[1m^[22m[39m[
31m[1m^[22m[39m
[31m[1m^[22m[39m
[31m[1m^[22m[39
m[31m[1m^[22m[3
9m[31m[1m^[22m[
39m[31m[1m^[22m
[39m[31m[1m^[22m
[39m[31m[1m^[22
m[39m[31m[1m^[2
2m[39m[31m[1m^[
22m[39m[31m[1m^
[22m[39m[31m[1m^
[22m[39m[31m[1m
^[22m[39m[31m[1
m^[22m[39m[31m[
1m^[22m[39m[31m
[1m^[22m[39m[31m
[1m^[22m[39m[31
m[1m^[22m[39m[3
1m[1m^[22m[39m
 [90m 4 |[39m
 [90m 5 |[39m 
[36mconst[39m [3
3mMarketAwareness[
39m [33m=[39m () 
[33m=>[39m {
 [90m 6 |[39m    
 [36mreturn[39m 
([0m



Import trace:
  Server Component:
    ./src/component
s/sections/MarketAw
areness.tsx
    
./src/app/page.tsx

https://nextjs.org/
docs/messages/modul
e-not-found


./src/components/se
ctions/Projects.tsx
:3:1
Module not found: 
Can't resolve 
'framer-motion'
[0m [90m 1 
|[39m [32m"use cl
ient"[39m[33m;[3
9m
 [90m 2 |[39m
[31m[1m>[22m[39
m[90m 3 |[39m 
[36mimport[39m { 
motion } 
[36mfrom[39m [32
m"framer-motion"[3
9m[33m;[39m
 [90m   |[39m [3
1m[1m^[22m[39m[
31m[1m^[22m[39m
[31m[1m^[22m[39m
[31m[1m^[22m[39
m[31m[1m^[22m[3
9m[31m[1m^[22m[
39m[31m[1m^[22m
[39m[31m[1m^[22m
[39m[31m[1m^[22
m[39m[31m[1m^[2
2m[39m[31m[1m^[
22m[39m[31m[1m^
[22m[39m[31m[1m^
[22m[39m[31m[1m
^[22m[39m[31m[1
m^[22m[39m[31m[
1m^[22m[39m[31m
[1m^[22m[39m[31m
[1m^[22m[39m[31
m[1m^[22m[39m[3
1m[1m^[22m[39m[
31m[1m^[22m[39m
[31m[1m^[22m[39m
[31m[1m^[22m[39
m[31m[1m^[22m[3
9m[31m[1m^[22m[
39m[31m[1m^[22m
[39m[31m[1m^[22m
[39m[31m[1m^[22
m[39m[31m[1m^[2
2m[39m[31m[1m^[
22m[39m[31m[1m^
[22m[39m[31m[1m^
[22m[39m[31m[1m
^[22m[39m[31m[1
m^[22m[39m[31m[
1m^[22m[39m[31m
[1m^[22m[39m[31m
[1m^[22m[39m[31
m[1m^[22m[39m[3
1m[1m^[22m[39m
 [90m 4 |[39m 
[36mimport[39m { 
[33mExternalLink[
39m[33m,[39m [33
mGithub[39m[33m,
[39m [33mShield[3
9m[33m,[39m [33m
Layers[39m[33m,[
39m [33mBox[39m[
33m,[39m 
[33mTerminal[39m 
} [36mfrom[39m [
32m"lucide-react"[
39m[33m;[39m
 [90m 5 |[39m 
[36mimport[39m 
[33mImage[39m 
[36mfrom[39m [32
m"next/image"[39m
[33m;[39m
 [90m 6 |[39m[0m



Import trace:
  Server Component:
    ./src/component
s/sections/Projects
.tsx
    
./src/app/page.tsx

https://nextjs.org/
docs/messages/modul
e-not-found


./src/components/se
ctions/Web3Section.
tsx:3:1
Module not found: 
Can't resolve 
'framer-motion'
[0m [90m 1 
|[39m [32m"use cl
ient"[39m[33m;[3
9m
 [90m 2 |[39m
[31m[1m>[22m[39
m[90m 3 |[39m 
[36mimport[39m { 
motion } 
[36mfrom[39m [32
m"framer-motion"[3
9m[33m;[39m
 [90m   |[39m [3
1m[1m^[22m[39m[
31m[1m^[22m[39m
[31m[1m^[22m[39m
[31m[1m^[22m[39
m[31m[1m^[22m[3
9m[31m[1m^[22m[
39m[31m[1m^[22m
[39m[31m[1m^[22m
[39m[31m[1m^[22
m[39m[31m[1m^[2
2m[39m[31m[1m^[
22m[39m[31m[1m^
[22m[39m[31m[1m^
[22m[39m[31m[1m
^[22m[39m[31m[1
m^[22m[39m[31m[
1m^[22m[39m[31m
[1m^[22m[39m[31m
[1m^[22m[39m[31
m[1m^[22m[39m[3
1m[1m^[22m[39m[
31m[1m^[22m[39m
[31m[1m^[22m[39m
[31m[1m^[22m[39
m[31m[1m^[22m[3
9m[31m[1m^[22m[
39m[31m[1m^[22m
[39m[31m[1m^[22m
[39m[31m[1m^[22
m[39m[31m[1m^[2
2m[39m[31m[1m^[
22m[39m[31m[1m^
[22m[39m[31m[1m^
[22m[39m[31m[1m
^[22m[39m[31m[1
m^[22m[39m[31m[
1m^[22m[39m[31m
[1m^[22m[39m[31m
[1m^[22m[39m[31
m[1m^[22m[39m[3
1m[1m^[22m[39m
 [90m 4 |[39m
 [90m 5 |[39m 
[36mconst[39m [3
3mWeb3Section[39m 
[33m=[39m () 
[33m=>[39m {
 [90m 6 |[39m    
 [36mreturn[39m 
([0m



Import trace:
  Server Component:
    ./src/component
s/sections/Web3Sect
ion.tsx
    
./src/app/page.tsx

https://nextjs.org/
docs/messages/modul
e-not-found


./src/components/ui
/Navigation.tsx:3:1
Module not found: 
Can't resolve 
'framer-motion'
[0m [90m 1 
|[39m [32m"use cl
ient"[39m[33m;[3
9m
 [90m 2 |[39m
[31m[1m>[22m[39
m[90m 3 |[39m 
[36mimport[39m { 
motion } 
[36mfrom[39m [32
m"framer-motion"[3
9m[33m;[39m
 [90m   |[39m [3
1m[1m^[22m[39m[
31m[1m^[22m[39m
[31m[1m^[22m[39m
[31m[1m^[22m[39
m[31m[1m^[22m[3
9m[31m[1m^[22m[
39m[31m[1m^[22m
[39m[31m[1m^[22m
[39m[31m[1m^[22
m[39m[31m[1m^[2
2m[39m[31m[1m^[
22m[39m[31m[1m^
[22m[39m[31m[1m^
[22m[39m[31m[1m
^[22m[39m[31m[1
m^[22m[39m[31m[
1m^[22m[39m[31m
[1m^[22m[39m[31m
[1m^[22m[39m[31
m[1m^[22m[39m[3
1m[1m^[22m[39m[
31m[1m^[22m[39m
[31m[1m^[22m[39m
[31m[1m^[22m[39
m[31m[1m^[22m[3
9m[31m[1m^[22m[
39m[31m[1m^[22m
[39m[31m[1m^[22m
[39m[31m[1m^[22
m[39m[31m[1m^[2
2m[39m[31m[1m^[
22m[39m[31m[1m^
[22m[39m[31m[1m^
[22m[39m[31m[1m
^[22m[39m[31m[1
m^[22m[39m[31m[
1m^[22m[39m[31m
[1m^[22m[39m[31m
[1m^[22m[39m[31
m[1m^[22m[39m[3
1m[1m^[22m[39m
 [90m 4 |[39m 
[36mimport[39m { 
[33mLock[39m[33m
,[39m [33mCpu[39
m[33m,[39m [33mG
lobe[39m[33m,[39
m [33mActivity[39
m[33m,[39m 
[33mTerminal[39m 
} [36mfrom[39m [
32m"lucide-react"[
39m[33m;[39m
 [90m 5 |[39m 
[36mimport[39m 
[33mLink[39m 
[36mfrom[39m [32
m"next/link"[39m[
33m;[39m
 [90m 6 |[39m 
[36mimport[39m { 
useState } 
[36mfrom[39m [32
m"react"[39m[33m;
[39m[0m



Import trace:
  Server Component:
    ./src/component
s/ui/Navigation.tsx
    
./src/app/page.tsx

https://nextjs.org/
docs/messages/modul
e-not-found


./src/components/se
ctions/AIConnection
.tsx:4:1
Module not found: 
Can't resolve 
'lucide-react'
[0m [90m 2 |[39m
 [90m 3 |[39m 
[36mimport[39m { 
motion } 
[36mfrom[39m [32
m"framer-motion"[3
9m[33m;[39m
[31m[1m>[22m[39
m[90m 4 |[39m 
[36mimport[39m { 
[33mBrain[39m[33
m,[39m [33mShield
Alert[39m } 
[36mfrom[39m [32
m"lucide-react"[39
m[33m;[39m
 [90m   |[39m [3
1m[1m^[22m[39m[
31m[1m^[22m[39m
[31m[1m^[22m[39m
[31m[1m^[22m[39
m[31m[1m^[22m[3
9m[31m[1m^[22m[
39m[31m[1m^[22m
[39m[31m[1m^[22m
[39m[31m[1m^[22
m[39m[31m[1m^[2
2m[39m[31m[1m^[
22m[39m[31m[1m^
[22m[39m[31m[1m^
[22m[39m[31m[1m
^[22m[39m[31m[1
m^[22m[39m[31m[
1m^[22m[39m[31m
[1m^[22m[39m[31m
[1m^[22m[39m[31
m[1m^[22m[39m[3
1m[1m^[22m[39m[
31m[1m^[22m[39m
[31m[1m^[22m[39m
[31m[1m^[22m[39
m[31m[1m^[22m[3
9m[31m[1m^[22m[
39m[31m[1m^[22m
[39m[31m[1m^[22m
[39m[31m[1m^[22
m[39m[31m[1m^[2
2m[39m[31m[1m^[
22m[39m[31m[1m^
[22m[39m[31m[1m^
[22m[39m[31m[1m
^[22m[39m[31m[1
m^[22m[39m[31m[
1m^[22m[39m[31m
[1m^[22m[39m[31m
[1m^[22m[39m[31
m[1m^[22m[39m[3
1m[1m^[22m[39m[
31m[1m^[22m[39m
[31m[1m^[22m[39m
[31m[1m^[22m[39
m[31m[1m^[22m[3
9m[31m[1m^[22m[
39m[31m[1m^[22m
[39m[31m[1m^[22m
[39m[31m[1m^[22
m[39m[31m[1m^[2
2m[39m[31m[1m^[
22m[39m[31m[1m^
[22m[39m
 [90m 5 |[39m
 [90m 6 |[39m 
[36mconst[39m [3
3mAIConnection[39m
 [33m=[39m () 
[33m=>[39m {
 [90m 7 |[39m    
 [36mreturn[39m 
([0m



Import trace:
  Server Component:
    ./src/component
s/sections/AIConnec
tion.tsx
    
./src/app/page.tsx

https://nextjs.org/
docs/messages/modul
e-not-found


./src/components/se
ctions/About.tsx:4:
1
Module not found: 
Can't resolve 
'lucide-react'
[0m [90m 2 |[39m
 [90m 3 |[39m 
[36mimport[39m { 
motion } 
[36mfrom[39m [32
m"framer-motion"[3
9m[33m;[39m
[31m[1m>[22m[39
m[90m 4 |[39m 
[36mimport[39m { 
[33mShield[39m[3
3m,[39m [33mLock
[39m[33m,[39m [3
3mTerminal[39m[33
m,[39m 
[33mCpu[39m } 
[36mfrom[39m [32
m"lucide-react"[39
m[33m;[39m
 [90m   |[39m [3
1m[1m^[22m[39m[
31m[1m^[22m[39m
[31m[1m^[22m[39m
[31m[1m^[22m[39
m[31m[1m^[22m[3
9m[31m[1m^[22m[
39m[31m[1m^[22m
[39m[31m[1m^[22m
[39m[31m[1m^[22
m[39m[31m[1m^[2
2m[39m[31m[1m^[
22m[39m[31m[1m^
[22m[39m[31m[1m^
[22m[39m[31m[1m
^[22m[39m[31m[1
m^[22m[39m[31m[
1m^[22m[39m[31m
[1m^[22m[39m[31m
[1m^[22m[39m[31
m[1m^[22m[39m[3
1m[1m^[22m[39m[
31m[1m^[22m[39m
[31m[1m^[22m[39m
[31m[1m^[22m[39
m[31m[1m^[22m[3
9m[31m[1m^[22m[
39m[31m[1m^[22m
[39m[31m[1m^[22m
[39m[31m[1m^[22
m[39m[31m[1m^[2
2m[39m[31m[1m^[
22m[39m[31m[1m^
[22m[39m[31m[1m^
[22m[39m[31m[1m
^[22m[39m[31m[1
m^[22m[39m[31m[
1m^[22m[39m[31m
[1m^[22m[39m[31m
[1m^[22m[39m[31
m[1m^[22m[39m[3
1m[1m^[22m[39m[
31m[1m^[22m[39m
[31m[1m^[22m[39m
[31m[1m^[22m[39
m[31m[1m^[22m[3
9m[31m[1m^[22m[
39m[31m[1m^[22m
[39m[31m[1m^[22m
[39m[31m[1m^[22
m[39m[31m[1m^[2
2m[39m[31m[1m^[
22m[39m[31m[1m^
[22m[39m[31m[1m^
[22m[39m[31m[1m
^[22m[39m[31m[1
m^[22m[39m[31m[
1m^[22m[39m[31m
[1m^[22m[39m[31m
[1m^[22m[39m[31
m[1m^[22m[39m[3
1m[1m^[22m[39m[
31m[1m^[22m[39m
 [90m 5 |[39m
 [90m 6 |[39m 
[36mconst[39m 
[33mAbout[39m 
[33m=[39m () 
[33m=>[39m {
 [90m 7 |[39m    
 [36mreturn[39m 
([0m



Import trace:
  Server Component:
    ./src/component
s/sections/About.ts
x
    
./src/app/page.tsx

https://nextjs.org/
docs/messages/modul
e-not-found


./src/components/se
ctions/Expertise.ts
x:4:1
Module not found: 
Can't resolve 
'lucide-react'
[0m [90m 2 |[39m
 [90m 3 |[39m 
[36mimport[39m { 
motion } 
[36mfrom[39m [32
m"framer-motion"[3
9m[33m;[39m
[31m[1m>[22m[39
m[90m 4 |[39m 
[36mimport[39m { 
[33mNetwork[39m[
33m,[39m [33mData
base[39m[33m,[39
m [33mLayers[39m
[33m,[39m [33mBra
in[39m[33m,[39m 
[33mLock[39m[33m
,[39m [33mCloud[
39m[33m,[39m [33
mGlobe[39m[33m,[
39m [33mServer[39
m[33m,[39m 
[33mTerminal[39m 
} [36mfrom[39m [
32m"lucide-react"[
39m[33m;[39m
 [90m   |[39m [3
1m[1m^[22m[39m[
31m[1m^[22m[39m
[31m[1m^[22m[39m
[31m[1m^[22m[39
m[31m[1m^[22m[3
9m[31m[1m^[22m[
39m[31m[1m^[22m
[39m[31m[1m^[22m
[39m[31m[1m^[22
m[39m[31m[1m^[2
2m[39m[31m[1m^[
22m[39m[31m[1m^
[22m[39m[31m[1m^
[22m[39m[31m[1m
^[22m[39m[31m[1
m^[22m[39m[31m[
1m^[22m[39m[31m
[1m^[22m[39m[31m
[1m^[22m[39m[31
m[1m^[22m[39m[3
1m[1m^[22m[39m[
31m[1m^[22m[39m
[31m[1m^[22m[39m
[31m[1m^[22m[39
m[31m[1m^[22m[3
9m[31m[1m^[22m[
39m[31m[1m^[22m
[39m[31m[1m^[22m
[39m[31m[1m^[22
m[39m[31m[1m^[2
2m[39m[31m[1m^[
22m[39m[31m[1m^
[22m[39m[31m[1m^
[22m[39m[31m[1m
^[22m[39m[31m[1
m^[22m[39m[31m[
1m^[22m[39m[31m
[1m^[22m[39m[31m
[1m^[22m[39m[31
m[1m^[22m[39m[3
1m[1m^[22m[39m[
31m[1m^[22m[39m
[31m[1m^[22m[39m
[31m[1m^[22m[39
m[31m[1m^[22m[3
9m[31m[1m^[22m[
39m[31m[1m^[22m
[39m[31m[1m^[22m
[39m[31m[1m^[22
m[39m[31m[1m^[2
2m[39m[31m[1m^[
22m[39m[31m[1m^
[22m[39m[31m[1m^
[22m[39m[31m[1m
^[22m[39m[31m[1
m^[22m[39m[31m[
1m^[22m[39m[31m
[1m^[22m[39m[31m
[1m^[22m[39m[31
m[1m^[22m[39m[3
1m[1m^[22m[39m[
31m[1m^[22m[39m
[31m[1m^[22m[39m
[31m[1m^[22m[39
m[31m[1m^[22m[3
9m[31m[1m^[22m[
39m[31m[1m^[22m
[39m[31m[1m^[22m
[39m[31m[1m^[22
m[39m[31m[1m^[2
2m[39m[31m[1m^[
22m[39m[31m[1m^
[22m[39m[31m[1m^
[22m[39m[31m[1m
^[22m[39m[31m[1
m^[22m[39m[31m[
1m^[22m[39m[31m
[1m^[22m[39m[31m
[1m^[22m[39m[31
m[1m^[22m[39m[3
1m[1m^[22m[39m[
31m[1m^[22m[39m
[31m[1m^[22m[39m
[31m[1m^[22m[39
m[31m[1m^[22m[3
9m[31m[1m^[22m[
39m[31m[1m^[22m
[39m[31m[1m^[22m
[39m[31m[1m^[22
m[39m[31m[1m^[2
2m[39m[31m[1m^[
22m[39m[31m[1m^
[22m[39m[31m[1m^
[22m[39m[31m[1m
^[22m[39m[31m[1
m^[22m[39m[31m[
1m^[22m[39m[31m
[1m^[22m[39m[31m
[1m^[22m[39m[31
m[1m^[22m[39m[3
1m[1m^[22m[39m[
31m[1m^[22m[39m
[31m[1m^[22m[39m
[31m[1m^[22m[39
m[31m[1m^[22m[3
9m[31m[1m^[22m[
39m[31m[1m^[22m
[39m
 [90m 5 |[39m
 [90m 6 |[39m [3
6minterface[39m [
33mSkillCardProps[
39m {
 [90m 7 |[39m    
 title[33m:[39m s
tring[33m;[39m[0
m



Import trace:
  Server Component:
    ./src/component
s/sections/Expertis
e.tsx
    
./src/app/page.tsx

https://nextjs.org/
docs/messages/modul
e-not-found


./src/components/se
ctions/Hero.tsx:4:1
Module not found: 
Can't resolve 
'lucide-react'
[0m [90m 2 |[39m
 [90m 3 |[39m 
[36mimport[39m { 
motion } 
[36mfrom[39m [32
m"framer-motion"[3
9m[33m;[39m
[31m[1m>[22m[39
m[90m 4 |[39m 
[36mimport[39m { 
[33mArrowRight[39
m[33m,[39m [33mS
hieldCheck[39m[33
m,[39m 
[33mTerminal[39m 
} [36mfrom[39m [
32m"lucide-react"[
39m[33m;[39m
 [90m   |[39m [3
1m[1m^[22m[39m[
31m[1m^[22m[39m
[31m[1m^[22m[39m
[31m[1m^[22m[39
m[31m[1m^[22m[3
9m[31m[1m^[22m[
39m[31m[1m^[22m
[39m[31m[1m^[22m
[39m[31m[1m^[22
m[39m[31m[1m^[2
2m[39m[31m[1m^[
22m[39m[31m[1m^
[22m[39m[31m[1m^
[22m[39m[31m[1m
^[22m[39m[31m[1
m^[22m[39m[31m[
1m^[22m[39m[31m
[1m^[22m[39m[31m
[1m^[22m[39m[31
m[1m^[22m[39m[3
1m[1m^[22m[39m[
31m[1m^[22m[39m
[31m[1m^[22m[39m
[31m[1m^[22m[39
m[31m[1m^[22m[3
9m[31m[1m^[22m[
39m[31m[1m^[22m
[39m[31m[1m^[22m
[39m[31m[1m^[22
m[39m[31m[1m^[2
2m[39m[31m[1m^[
22m[39m[31m[1m^
[22m[39m[31m[1m^
[22m[39m[31m[1m
^[22m[39m[31m[1
m^[22m[39m[31m[
1m^[22m[39m[31m
[1m^[22m[39m[31m
[1m^[22m[39m[31
m[1m^[22m[39m[3
1m[1m^[22m[39m[
31m[1m^[22m[39m
[31m[1m^[22m[39m
[31m[1m^[22m[39
m[31m[1m^[22m[3
9m[31m[1m^[22m[
39m[31m[1m^[22m
[39m[31m[1m^[22m
[39m[31m[1m^[22
m[39m[31m[1m^[2
2m[39m[31m[1m^[
22m[39m[31m[1m^
[22m[39m[31m[1m^
[22m[39m[31m[1m
^[22m[39m[31m[1
m^[22m[39m[31m[
1m^[22m[39m[31m
[1m^[22m[39m[31m
[1m^[22m[39m[31
m[1m^[22m[39m[3
1m[1m^[22m[39m[
31m[1m^[22m[39m
[31m[1m^[22m[39m
[31m[1m^[22m[39
m[31m[1m^[22m[3
9m[31m[1m^[22m[
39m[31m[1m^[22m
[39m[31m[1m^[22m
[39m
 [90m 5 |[39m
 [90m 6 |[39m 
[36mconst[39m 
[33mHero[39m 
[33m=[39m () 
[33m=>[39m {
 [90m 7 |[39m    
 [36mreturn[39m 
([0m



Import trace:
  Server Component:
    ./src/component
s/sections/Hero.tsx
    
./src/app/page.tsx

https://nextjs.org/
docs/messages/modul
e-not-found


./src/components/se
ctions/Projects.tsx
:4:1
Module not found: 
Can't resolve 
'lucide-react'
[0m [90m 2 |[39m
 [90m 3 |[39m 
[36mimport[39m { 
motion } 
[36mfrom[39m [32
m"framer-motion"[3
9m[33m;[39m
[31m[1m>[22m[39
m[90m 4 |[39m 
[36mimport[39m { 
[33mExternalLink[
39m[33m,[39m [33
mGithub[39m[33m,
[39m [33mShield[3
9m[33m,[39m [33m
Layers[39m[33m,[
39m [33mBox[39m[
33m,[39m 
[33mTerminal[39m 
} [36mfrom[39m [
32m"lucide-react"[
39m[33m;[39m
 [90m   |[39m [3
1m[1m^[22m[39m[
31m[1m^[22m[39m
[31m[1m^[22m[39m
[31m[1m^[22m[39
m[31m[1m^[22m[3
9m[31m[1m^[22m[
39m[31m[1m^[22m
[39m[31m[1m^[22m
[39m[31m[1m^[22
m[39m[31m[1m^[2
2m[39m[31m[1m^[
22m[39m[31m[1m^
[22m[39m[31m[1m^
[22m[39m[31m[1m
^[22m[39m[31m[1
m^[22m[39m[31m[
1m^[22m[39m[31m
[1m^[22m[39m[31m
[1m^[22m[39m[31
m[1m^[22m[39m[3
1m[1m^[22m[39m[
31m[1m^[22m[39m
[31m[1m^[22m[39m
[31m[1m^[22m[39
m[31m[1m^[22m[3
9m[31m[1m^[22m[
39m[31m[1m^[22m
[39m[31m[1m^[22m
[39m[31m[1m^[22
m[39m[31m[1m^[2
2m[39m[31m[1m^[
22m[39m[31m[1m^
[22m[39m[31m[1m^
[22m[39m[31m[1m
^[22m[39m[31m[1
m^[22m[39m[31m[
1m^[22m[39m[31m
[1m^[22m[39m[31m
[1m^[22m[39m[31
m[1m^[22m[39m[3
1m[1m^[22m[39m[
31m[1m^[22m[39m
[31m[1m^[22m[39m
[31m[1m^[22m[39
m[31m[1m^[22m[3
9m[31m[1m^[22m[
39m[31m[1m^[22m
[39m[31m[1m^[22m
[39m[31m[1m^[22
m[39m[31m[1m^[2
2m[39m[31m[1m^[
22m[39m[31m[1m^
[22m[39m[31m[1m^
[22m[39m[31m[1m
^[22m[39m[31m[1
m^[22m[39m[31m[
1m^[22m[39m[31m
[1m^[22m[39m[31m
[1m^[22m[39m[31
m[1m^[22m[39m[3
1m[1m^[22m[39m[
31m[1m^[22m[39m
[31m[1m^[22m[39m
[31m[1m^[22m[39
m[31m[1m^[22m[3
9m[31m[1m^[22m[
39m[31m[1m^[22m
[39m[31m[1m^[22m
[39m[31m[1m^[22
m[39m[31m[1m^[2
2m[39m[31m[1m^[
22m[39m[31m[1m^
[22m[39m[31m[1m^
[22m[39m[31m[1m
^[22m[39m[31m[1
m^[22m[39m[31m[
1m^[22m[39m[31m
[1m^[22m[39m[31m
[1m^[22m[39m[31
m[1m^[22m[39m[3
1m[1m^[22m[39m[
31m[1m^[22m[39m
[31m[1m^[22m[39m
[31m[1m^[22m[39
m[31m[1m^[22m[3
9m[31m[1m^[22m[
39m[31m[1m^[22m
[39m
 [90m 5 |[39m 
[36mimport[39m 
[33mImage[39m 
[36mfrom[39m [32
m"next/image"[39m
[33m;[39m
 [90m 6 |[39m
 [90m 7 |[39m [3
6minterface[39m [
33mProjectCardProps
[39m {[0m



Import trace:
  Server Component:
    ./src/component
s/sections/Projects
.tsx
    
./src/app/page.tsx

https://nextjs.org/
docs/messages/modul
e-not-found


./src/components/ui
/Navigation.tsx:4:1
Module not found: 
Can't resolve 
'lucide-react'
[0m [90m 2 |[39m
 [90m 3 |[39m 
[36mimport[39m { 
motion } 
[36mfrom[39m [32
m"framer-motion"[3
9m[33m;[39m
[31m[1m>[22m[39
m[90m 4 |[39m 
[36mimport[39m { 
[33mLock[39m[33m
,[39m [33mCpu[39
m[33m,[39m [33mG
lobe[39m[33m,[39
m [33mActivity[39
m[33m,[39m 
[33mTerminal[39m 
} [36mfrom[39m [
32m"lucide-react"[
39m[33m;[39m
 [90m   |[39m [3
1m[1m^[22m[39m[
31m[1m^[22m[39m
[31m[1m^[22m[39m
[31m[1m^[22m[39
m[31m[1m^[22m[3
9m[31m[1m^[22m[
39m[31m[1m^[22m
[39m[31m[1m^[22m
[39m[31m[1m^[22
m[39m[31m[1m^[2
2m[39m[31m[1m^[
22m[39m[31m[1m^
[22m[39m[31m[1m^
[22m[39m[31m[1m
^[22m[39m[31m[1
m^[22m[39m[31m[
1m^[22m[39m[31m
[1m^[22m[39m[31m
[1m^[22m[39m[31
m[1m^[22m[39m[3
1m[1m^[22m[39m[
31m[1m^[22m[39m
[31m[1m^[22m[39m
[31m[1m^[22m[39
m[31m[1m^[22m[3
9m[31m[1m^[22m[
39m[31m[1m^[22m
[39m[31m[1m^[22m
[39m[31m[1m^[22
m[39m[31m[1m^[2
2m[39m[31m[1m^[
22m[39m[31m[1m^
[22m[39m[31m[1m^
[22m[39m[31m[1m
^[22m[39m[31m[1
m^[22m[39m[31m[
1m^[22m[39m[31m
[1m^[22m[39m[31m
[1m^[22m[39m[31
m[1m^[22m[39m[3
1m[1m^[22m[39m[
31m[1m^[22m[39m
[31m[1m^[22m[39m
[31m[1m^[22m[39
m[31m[1m^[22m[3
9m[31m[1m^[22m[
39m[31m[1m^[22m
[39m[31m[1m^[22m
[39m[31m[1m^[22
m[39m[31m[1m^[2
2m[39m[31m[1m^[
22m[39m[31m[1m^
[22m[39m[31m[1m^
[22m[39m[31m[1m
^[22m[39m[31m[1
m^[22m[39m[31m[
1m^[22m[39m[31m
[1m^[22m[39m[31m
[1m^[22m[39m[31
m[1m^[22m[39m[3
1m[1m^[22m[39m[
31m[1m^[22m[39m
[31m[1m^[22m[39m
[31m[1m^[22m[39
m[31m[1m^[22m[3
9m[31m[1m^[22m[
39m[31m[1m^[22m
[39m[31m[1m^[22m
[39m[31m[1m^[22
m[39m[31m[1m^[2
2m[39m[31m[1m^[
22m[39m
 [90m 5 |[39m 
[36mimport[39m 
[33mLink[39m 
[36mfrom[39m [32
m"next/link"[39m[
33m;[39m
 [90m 6 |[39m 
[36mimport[39m { 
useState } 
[36mfrom[39m [32
m"react"[39m[33m;
[39m
 [90m 7 |[39m[0m



Import trace:
  Server Component:
    ./src/component
s/ui/Navigation.tsx
    
./src/app/page.tsx

https://nextjs.org/
docs/messages/modul
e-not-found


    at async 
transform (turbopac
k:///[turbopack-nod
e]/transforms/postc
ss.ts:70:34) [C:\Us
ers\tuwid\OneDrive\
Dokumen\myporto\.ne
xt\build\chunks\[ro
ot-of-the-server]__
51225daf._.js:146:3
6])
    at async run (t
urbopack:///[turbop
ack-node]/ipc/evalu
ate.ts:92:23) [C:\U
sers\tuwid\OneDrive
\Dokumen\myporto\.n
ext\build\chunks\[r
oot-of-the-server]_
_974941ed._.js:443:
31])
    at <unknown> (.
/src/components/sec
tions/AIConnection.
tsx:3:1)
    at <unknown> (h
ttps://nextjs.org/d
ocs/messages/module
-not-found)
    at <unknown> (.
/src/components/sec
tions/About.tsx:3:1
)
    at <unknown> (h
ttps://nextjs.org/d
ocs/messages/module
-not-found)
    at <unknown> (.
/src/components/sec
tions/Expertise.tsx
:3:1)
    at <unknown> (h
ttps://nextjs.org/d
ocs/messages/module
-not-found)
    at <unknown> (.
/src/components/sec
tions/Hero.tsx:3:1)
    at <unknown> (h
ttps://nextjs.org/d
ocs/messages/module
-not-found)
    at <unknown> (.
/src/components/sec
tions/MarketAwarene
ss.tsx:3:1)
    at <unknown> (h
ttps://nextjs.org/d
ocs/messages/module
-not-found)
    at <unknown> (.
/src/components/sec
tions/Projects.tsx:
3:1)
    at <unknown> (h
ttps://nextjs.org/d
ocs/messages/module
-not-found)
    at <unknown> (.
/src/components/sec
tions/Web3Section.t
sx:3:1)
    at <unknown> (h
ttps://nextjs.org/d
ocs/messages/module
-not-found)
    at <unknown> (.
/src/components/ui/
Navigation.tsx:3:1)
    at <unknown> (h
ttps://nextjs.org/d
ocs/messages/module
-not-found)
    at <unknown> (.
/src/components/sec
tions/AIConnection.
tsx:4:1)
    at <unknown> (h
ttps://nextjs.org/d
ocs/messages/module
-not-found)
    at <unknown> (.
/src/components/sec
tions/About.tsx:4:1
)
    at <unknown> (h
ttps://nextjs.org/d
ocs/messages/module
-not-found)
    at <unknown> (.
/src/components/sec
tions/Expertise.tsx
:4:1)
    at <unknown> (h
ttps://nextjs.org/d
ocs/messages/module
-not-found)
    at <unknown> (.
/src/components/sec
tions/Hero.tsx:4:1)
    at <unknown> (h
ttps://nextjs.org/d
ocs/messages/module
-not-found)
    at <unknown> (.
/src/components/sec
tions/Projects.tsx:
4:1)
    at <unknown> (h
ttps://nextjs.org/d
ocs/messages/module
-not-found)
    at <unknown> (.
/src/components/ui/
Navigation.tsx:4:1)
    at <unknown> (h
ttps://nextjs.org/d
ocs/messages/module
-not-found)
